---
source: tests/snapshots.rs
expression: buffer_to_styled(&buf)
---
{fg=#6b7280 bg=#1f232b mod=bold} FILTERS{/}{fg=#c8ccd4 bg=#1f232b}                  {/}{bg=#1f232b} {/}{fg=#8aa9c9 bg=#1f232b}▶{/}{fg=#e07a7a bg=#1f232b}▮{/}{fg=#8aa9c9 bg=#1f232b}◀{/}{bg=#1f232b} {/}{fg=#c8ccd4 bg=#1f232b mod=bold}done.txt{/}{fg=#6b7280 bg=#1f232b}  •  1 tasks  •  {/}{fg=#8aa9c9 bg=#1f232b}sort:compl{/}{fg=#6b7280 bg=#1f232b mod=bold} DETAIL{/}{fg=#c8ccd4 bg=#1f232b}                           {/}
{fg=#c8ccd4 bg=#1f232b}                          {/}{bg=#1a1d23}                                        {/}{fg=#c8ccd4 bg=#1f232b}                                  {/}
{fg=#7fb3a8 bg=#1f232b mod=bold} PROJECTS{/}{fg=#c8ccd4 bg=#1f232b}                 {/}{fg=#c8ccd4 bg=#1a1d23} {/}{fg=#8aa9c9 bg=#1a1d23 mod=bold}2026-05-05{/}{fg=#c8ccd4 bg=#1a1d23}  {/}{fg=#6b7280 bg=#1a1d23}1 completed{/}{fg=#c8ccd4 bg=#1a1d23}                {/}{fg=#6b7280 bg=#1f232b} priority  {/}{fg=#c8ccd4 bg=#1f232b}                       {/}
{fg=#c8ccd4 bg=#1f232b} {/}{fg=#8aa9c9 bg=#1f232b}  {/}{fg=#7fb3a8 bg=#1f232b}+i18n           {/}{fg=#6b7280 bg=#1f232b}  1{/}{fg=#c8ccd4 bg=#1f232b}    {/}{fg=#6b7280 bg=#3a4150}  1 {/}{fg=#5a6270 bg=#3a4150 mod=bold}✓ {/}{fg=#5a6270 bg=#3a4150}    {/}{fg=#5a6270 bg=#3a4150 mod=dim}Archived{/}{fg=#c8ccd4 bg=#3a4150} {/}{fg=#5a6270 bg=#3a4150 mod=dim}very{/}{fg=#c8ccd4 bg=#3a4150} {/}{fg=#5a6270 bg=#3a4150 mod=dim}long{/}{fg=#c8ccd4 bg=#3a4150} {/}{fg=#5a6270 bg=#3a4150 mod=dim}completed{/}{fg=#c8ccd4 bg=#1a1d23}  {/}{fg=#6b7280 bg=#1f232b} created   {/}{fg=#c8ccd4 bg=#1f232b}2026-05-01             {/}
{fg=#c8ccd4 bg=#1f232b} {/}{fg=#8aa9c9 bg=#1f232b}  {/}{fg=#7fb3a8 bg=#1f232b}+ok             {/}{fg=#6b7280 bg=#1f232b}  1{/}{fg=#c8ccd4 bg=#1f232b}    {/}{fg=#c8ccd4 bg=#3a4150}          {/}{fg=#5a6270 bg=#3a4150 mod=dim}task{/}{fg=#c8ccd4 bg=#3a4150} {/}{fg=#5a6270 bg=#3a4150 mod=dim}that{/}{fg=#c8ccd4 bg=#3a4150} {/}{fg=#5a6270 bg=#3a4150 mod=dim}runs{/}{fg=#c8ccd4 bg=#3a4150} {/}{fg=#5a6270 bg=#3a4150 mod=dim}well{/}{fg=#c8ccd4 bg=#3a4150} {/}{fg=#5a6270 bg=#3a4150 mod=dim}past{/}{fg=#c8ccd4 bg=#3a4150} {/}{fg=#5a6270 bg=#3a4150 mod=dim}the{/}{fg=#c8ccd4 bg=#1a1d23}  {/}{fg=#6b7280 bg=#1f232b} projects  {/}{fg=#7fb3a8 bg=#1f232b}+work{/}{fg=#c8ccd4 bg=#1f232b}                  {/}
{fg=#c8ccd4 bg=#1f232b} {/}{fg=#8aa9c9 bg=#1f232b}  {/}{fg=#7fb3a8 bg=#1f232b}+work           {/}{fg=#6b7280 bg=#1f232b}  1{/}{fg=#c8ccd4 bg=#1f232b}    {/}{fg=#c8ccd4 bg=#3a4150}          {/}{fg=#5a6270 bg=#3a4150 mod=dim}right{/}{fg=#c8ccd4 bg=#3a4150} {/}{fg=#5a6270 bg=#3a4150 mod=dim}edge{/}{fg=#c8ccd4 bg=#3a4150} {/}{fg=#5a6270 bg=#3a4150 mod=dim}of{/}{fg=#c8ccd4 bg=#3a4150} {/}{fg=#5a6270 bg=#3a4150 mod=dim}the{/}{fg=#c8ccd4 bg=#3a4150} {/}{fg=#5a6270 bg=#3a4150 mod=dim}pane{/}{fg=#c8ccd4 bg=#3a4150} {/}{fg=#5a6270 bg=#3a4150}+work{/}{fg=#c8ccd4 bg=#1a1d23}  {/}{fg=#6b7280 bg=#1f232b} contexts  {/}{fg=#c89a6e bg=#1f232b}@laptop{/}{fg=#c8ccd4 bg=#1f232b}                {/}
{fg=#c8ccd4 bg=#1f232b}                          {/}{fg=#c8ccd4 bg=#3a4150}          {/}{fg=#5a6270 bg=#3a4150}@laptop{/}{fg=#c8ccd4 bg=#3a4150} {/}{fg=#6b7280 bg=#3a4150}uid:abc-123{/}{fg=#c8ccd4 bg=#1a1d23}           {/}{fg=#6b7280 bg=#1f232b} done      {/}{fg=#5a6270 bg=#1f232b}2026-05-05{/}{fg=#c8ccd4 bg=#1f232b}             {/}
{fg=#c89a6e bg=#1f232b mod=bold} CONTEXTS{/}{fg=#c8ccd4 bg=#1f232b}                 {/}{fg=#c8ccd4 bg=#1a1d23}                                        {/}{fg=#c8ccd4 bg=#1f232b}                                  {/}
{fg=#c8ccd4 bg=#1f232b} {/}{fg=#8aa9c9 bg=#1f232b}  {/}{fg=#c89a6e bg=#1f232b}@laptop         {/}{fg=#6b7280 bg=#1f232b}  1{/}{fg=#c8ccd4 bg=#1f232b}    {/}{fg=#c8ccd4 bg=#1a1d23}                                        {/}{fg=#6b7280 bg=#1f232b mod=bold} RAW{/}{fg=#c8ccd4 bg=#1f232b}                              {/}
{fg=#c8ccd4 bg=#1f232b} {/}{fg=#8aa9c9 bg=#1f232b}  {/}{fg=#c89a6e bg=#1f232b}@links          {/}{fg=#6b7280 bg=#1f232b}  1{/}{fg=#c8ccd4 bg=#1f232b}    {/}{fg=#c8ccd4 bg=#1a1d23}                                        {/}{fg=#c8ccd4 bg=#1f232b}                                  {/}
{fg=#c8ccd4 bg=#1f232b}                          {/}{fg=#c8ccd4 bg=#1a1d23}                                        {/}{fg=#c8ccd4 bg=#1f232b} {/}{fg=#5a6270 bg=#1f232b}x{/}{fg=#c8ccd4 bg=#1f232b} 2026-05-05 2026-05-01 Archived {/}
{fg=#c8ccd4 bg=#1f232b}                          {/}{fg=#c8ccd4 bg=#1a1d23}                                        {/}{fg=#c8ccd4 bg=#1f232b} very long completed task that    {/}
{fg=#c8ccd4 bg=#1f232b}                          {/}{fg=#c8ccd4 bg=#1a1d23}                                        {/}{fg=#c8ccd4 bg=#1f232b} runs well past the right edge of {/}
{fg=#c8ccd4 bg=#1f232b}                          {/}{fg=#c8ccd4 bg=#1a1d23}                                        {/}{fg=#c8ccd4 bg=#1f232b} the pane {/}{fg=#7fb3a8 bg=#1f232b}+work{/}{fg=#c8ccd4 bg=#1f232b} {/}{fg=#c89a6e bg=#1f232b}@laptop{/}{fg=#c8ccd4 bg=#1f232b}           {/}
{fg=#c8ccd4 bg=#1f232b}                          {/}{fg=#c8ccd4 bg=#1a1d23}                                        {/}{fg=#c8ccd4 bg=#1f232b} uid:abc-123                      {/}
{fg=#c8ccd4 bg=#1f232b}                          {/}{fg=#c8ccd4 bg=#1a1d23}                                        {/}{fg=#c8ccd4 bg=#1f232b}                                  {/}
{fg=#c8ccd4 bg=#1f232b}                          {/}{fg=#c8ccd4 bg=#1a1d23}                                        {/}{fg=#c8ccd4 bg=#1f232b}                                  {/}
{fg=#c8ccd4 bg=#1f232b}                          {/}{fg=#c8ccd4 bg=#1a1d23}                                        {/}{fg=#c8ccd4 bg=#1f232b}                                  {/}
{fg=#c8ccd4 bg=#1f232b}                          {/}{fg=#c8ccd4 bg=#1a1d23}                                        {/}{fg=#c8ccd4 bg=#1f232b}                                  {/}
{fg=#c8ccd4 bg=#1f232b}                          {/}{fg=#c8ccd4 bg=#1a1d23}                                        {/}{fg=#c8ccd4 bg=#1f232b}                                  {/}
{fg=#c8ccd4 bg=#1f232b}                          {/}{fg=#c8ccd4 bg=#1a1d23}                                        {/}{fg=#c8ccd4 bg=#1f232b}                                  {/}
{fg=#c8ccd4 bg=#1f232b}                          {/}{fg=#c8ccd4 bg=#1a1d23}                                        {/}{fg=#c8ccd4 bg=#1f232b}                                  {/}
{fg=#c8ccd4 bg=#1f232b}                          {/}{fg=#c8ccd4 bg=#1a1d23}                                        {/}{fg=#c8ccd4 bg=#1f232b}                                  {/}
{fg=#c8ccd4 bg=#1f232b}                          {/}{fg=#c8ccd4 bg=#1a1d23}                                        {/}{fg=#c8ccd4 bg=#1f232b}                                  {/}
{fg=#c8ccd4 bg=#1f232b}                          {/}{fg=#c8ccd4 bg=#1a1d23}                                        {/}{fg=#c8ccd4 bg=#1f232b}                                  {/}
{fg=#c8ccd4 bg=#1f232b}                          {/}{fg=#c8ccd4 bg=#1a1d23}                                        {/}{fg=#c8ccd4 bg=#1f232b}                                  {/}
{fg=#c8ccd4 bg=#1f232b}                          {/}{fg=#c8ccd4 bg=#1a1d23}                                        {/}{fg=#c8ccd4 bg=#1f232b}                                  {/}
{fg=#c8ccd4 bg=#1f232b}                          {/}{fg=#c8ccd4 bg=#1a1d23}                                        {/}{fg=#c8ccd4 bg=#1f232b}                                  {/}
{fg=#c8ccd4 bg=#1f232b}                          {/}{fg=#c8ccd4 bg=#1a1d23}                                        {/}{fg=#c8ccd4 bg=#1f232b}                                  {/}
{fg=#c8ccd4 bg=#1f232b}                          {/}{fg=#c8ccd4 bg=#1a1d23}                                        {/}{fg=#c8ccd4 bg=#1f232b}                                  {/}
{fg=#c8ccd4 bg=#1f232b}                          {/}{fg=#c8ccd4 bg=#1a1d23}                                        {/}{fg=#c8ccd4 bg=#1f232b}                                  {/}
{fg=#1a1d23 bg=#8aa9c9 mod=bold} ARCHIVE {/}{bg=#252a33}  {/}{fg=#a8b0bc bg=#252a33}j/k · n new · r reschedule · x done · / search {/}{fg=#6b7280 bg=#252a33}1 archived · 2026-05-06 · tuxedo 2026.6.3 {/}
