---
source: tests/snapshots.rs
assertion_line: 216
expression: buffer_to_text(&buf)
---
 FILTERS                   ▶▮◀ /tmp/tuxedo-snapshot.txt  •  15 tas DETAIL                           
                                                                                                    
 PROJ┌ tuxedo · help ─────────────────────────────────────────────────────────────────────────┐     
   +w│  NAVIGATION                                  VIEW                                      │     
   +h│    j / ↓             next task                 /                 fuzzy search          │     
   +f│    k / ↑             previous task             fp                filter by project     │     
   +h│    gg                first task                fc                filter by context     │     
   +l│    G                 last task                 S                 cycle sort            │     
   +p│    Ctrl-d / Ctrl-u   page down / up            v                 visual / multi-select │     
   +t│                                                l                 list view             │     
     │  EDITING                                       a                 archive view          │rd   
 CONT│    n                 new task                  A                 archive completed     │     
   @e│    e / i             edit current line         H                 show done in list     │     
   @h│    x                 toggle complete           F                 show future in list   │     
   @l│    dd                delete task               [ / ]             toggle filter / detail│     
   @p│    p                 cycle priority A→B→C→·    T                 cycle theme           │     
     │    c                 add/remove context        D                 cycle density         │     
     │    +                 add project               L                 toggle line numbers   │     
     │    yy                copy line to clipboard                                            │     
     │    yb                copy body only          SYSTEM                                    │     
     │    u                 undo                      ?                 this help             │     
     │                                                ,                 settings              │     
     │                                                q                 quit                  │     
     │────────────────────────────────────────────────────────────────────────────────────────│     
     │  FORMAT                                                                                │     
     │    (A)               priority A-Z              due:YYYY-MM-DD    due date              │     
     │    YYYY-MM-DD        creation / done date      rec:Nu            recur (u in d/w/m/y/b)│     
     │    +project          project tag(s)            rec:+Nu           strict: anchor on due:│     
     │    @context          context tag(s)            x DATE BODY       completed task prefix │     
     └────────────────────────────────────────────────────────────────────────────────────────┘     
                                                                                                    
 HELP   ? close help                                         15 open · 2026-05-06 · tuxedo 2026.5.3
