---
source: tests/snapshots.rs
expression: buffer_to_styled(&buf)
---
{fg=#6b7280 bg=#1f232b mod=bold} FILTERS{/}{fg=#c8ccd4 bg=#1f232b}                  {/}{bg=#1f232b} {/}{fg=#8aa9c9 bg=#1f232b}▶{/}{fg=#e07a7a bg=#1f232b}▮{/}{fg=#8aa9c9 bg=#1f232b}◀{/}{bg=#1f232b} {/}{fg=#c8ccd4 bg=#1f232b mod=bold}/tmp/tuxedo-snapshot-wrap.txt{/}{fg=#6b7280 bg=#1f232b}  •  4{/}{fg=#6b7280 bg=#1f232b mod=bold} DETAIL{/}{fg=#c8ccd4 bg=#1f232b}                           {/}
{fg=#c8ccd4 bg=#1f232b}                          {/}{bg=#1a1d23}                                        {/}{fg=#c8ccd4 bg=#1f232b}                                  {/}
{fg=#7fb3a8 bg=#1f232b mod=bold} PROJECTS{/}{fg=#c8ccd4 bg=#1f232b}                 {/}{fg=#c8ccd4 bg=#1a1d23} {/}{fg=#6b7280 bg=#1a1d23}(1){/}{fg=#c8ccd4 bg=#1a1d23}  {/}{fg=#e07a7a bg=#1a1d23 mod=bold}PRIORITY A{/}{fg=#c8ccd4 bg=#1a1d23}  {/}{fg=#2a2f38 bg=#1a1d23}──────────────────────{/}{fg=#6b7280 bg=#1f232b} priority  {/}{fg=#e07a7a bg=#1f232b mod=bold}(A){/}{fg=#c8ccd4 bg=#1f232b}                    {/}
{fg=#c8ccd4 bg=#1f232b} {/}{fg=#8aa9c9 bg=#1f232b}  {/}{fg=#7fb3a8 bg=#1f232b}+i18n           {/}{fg=#6b7280 bg=#1f232b}  1{/}{fg=#c8ccd4 bg=#1f232b}    {/}{fg=#6b7280 bg=#3a4150}  1 {/}{fg=#8aa9c9 bg=#3a4150 mod=bold}▸ {/}{fg=#e07a7a bg=#3a4150 mod=bold}(A) {/}{fg=#c8ccd4 bg=#3a4150}Draft the quarterly report for{/}{fg=#6b7280 bg=#1f232b} created   {/}{fg=#c8ccd4 bg=#1f232b}2026-05-01             {/}
{fg=#c8ccd4 bg=#1f232b} {/}{fg=#8aa9c9 bg=#1f232b}  {/}{fg=#7fb3a8 bg=#1f232b}+ok             {/}{fg=#6b7280 bg=#1f232b}  1{/}{fg=#c8ccd4 bg=#1f232b}    {/}{fg=#c8ccd4 bg=#1a1d23} {/}{fg=#6b7280 bg=#1a1d23}(3){/}{fg=#c8ccd4 bg=#1a1d23}  {/}{fg=#6b7280 bg=#1a1d23 mod=bold}NO PRIORITY{/}{fg=#c8ccd4 bg=#1a1d23}  {/}{fg=#2a2f38 bg=#1a1d23}─────────────────────{/}{fg=#6b7280 bg=#1f232b} due       {/}{fg=#c8ccd4 bg=#1f232b}2026-05-20  {/}{fg=#e07a7a bg=#1f232b}2026-05-20{/}{fg=#c8ccd4 bg=#1f232b} {/}
{fg=#c8ccd4 bg=#1f232b} {/}{fg=#8aa9c9 bg=#1f232b}  {/}{fg=#7fb3a8 bg=#1f232b}+work           {/}{fg=#6b7280 bg=#1f232b}  1{/}{fg=#c8ccd4 bg=#1f232b}    {/}{fg=#6b7280 bg=#1a1d23}  2 {/}{fg=#8aa9c9 bg=#1a1d23}  {/}{fg=#c8ccd4 bg=#1a1d23}    Read {/}{fg=#8aa9c9 bg=#1a1d23 mod=underlined}https://example.com/reall{/}{fg=#6b7280 bg=#1f232b} projects  {/}{fg=#7fb3a8 bg=#1f232b}+work{/}{fg=#c8ccd4 bg=#1f232b}                  {/}
{fg=#c8ccd4 bg=#1f232b}                          {/}{fg=#6b7280 bg=#1a1d23}  3 {/}{fg=#8aa9c9 bg=#1a1d23}  {/}{fg=#c8ccd4 bg=#1a1d23}    翻{/} {fg=#c8ccd4 bg=#1a1d23}訳{/} {fg=#c8ccd4 bg=#1a1d23}の{/} {fg=#c8ccd4 bg=#1a1d23}レ{/} {fg=#c8ccd4 bg=#1a1d23}ビ{/} {fg=#c8ccd4 bg=#1a1d23}ュ{/} {fg=#c8ccd4 bg=#1a1d23}ー{/} {fg=#c8ccd4 bg=#1a1d23}を{/} {fg=#c8ccd4 bg=#1a1d23}す{/} {fg=#c8ccd4 bg=#1a1d23}る{/} {fg=#c8ccd4 bg=#1a1d23}長{/} {fg=#c8ccd4 bg=#1a1d23}い{/} {fg=#c8ccd4 bg=#1a1d23}タ{/} {fg=#c8ccd4 bg=#1a1d23}ス{/} {fg=#c8ccd4 bg=#1a1d23}ク{/} {fg=#6b7280 bg=#1f232b} contexts  {/}{fg=#c89a6e bg=#1f232b}@laptop{/}{fg=#c8ccd4 bg=#1f232b}                {/}
{fg=#c89a6e bg=#1f232b mod=bold} CONTEXTS{/}{fg=#c8ccd4 bg=#1f232b}                 {/}{fg=#6b7280 bg=#1a1d23}  4 {/}{fg=#8aa9c9 bg=#1a1d23}  {/}{fg=#c8ccd4 bg=#1a1d23}    short task {/}{fg=#7fb3a8 bg=#1a1d23}+ok{/}{fg=#c8ccd4 bg=#1a1d23}                {/}{fg=#c8ccd4 bg=#1f232b}                                  {/}
{fg=#c8ccd4 bg=#1f232b} {/}{fg=#8aa9c9 bg=#1f232b}  {/}{fg=#c89a6e bg=#1f232b}@laptop         {/}{fg=#6b7280 bg=#1f232b}  1{/}{fg=#c8ccd4 bg=#1f232b}    {/}{fg=#c8ccd4 bg=#1a1d23}                                        {/}{fg=#6b7280 bg=#1f232b mod=bold} RAW{/}{fg=#c8ccd4 bg=#1f232b}                              {/}
{fg=#c8ccd4 bg=#1f232b} {/}{fg=#8aa9c9 bg=#1f232b}  {/}{fg=#c89a6e bg=#1f232b}@links          {/}{fg=#6b7280 bg=#1f232b}  1{/}{fg=#c8ccd4 bg=#1f232b}    {/}{fg=#c8ccd4 bg=#1a1d23}                                        {/}{fg=#c8ccd4 bg=#1f232b}                                  {/}
{fg=#c8ccd4 bg=#1f232b}                          {/}{fg=#c8ccd4 bg=#1a1d23}                                        {/}{fg=#c8ccd4 bg=#1f232b} {/}{fg=#e07a7a bg=#1f232b mod=bold}(A){/}{fg=#c8ccd4 bg=#1f232b} 2026-05-01 Draft the         {/}
{fg=#c8ccd4 bg=#1f232b}                          {/}{fg=#c8ccd4 bg=#1a1d23}                                        {/}{fg=#c8ccd4 bg=#1f232b} quarterly report for the         {/}
{fg=#c8ccd4 bg=#1f232b}                          {/}{fg=#c8ccd4 bg=#1a1d23}                                        {/}{fg=#c8ccd4 bg=#1f232b} platform team covering migration {/}
{fg=#c8ccd4 bg=#1f232b}                          {/}{fg=#c8ccd4 bg=#1a1d23}                                        {/}{fg=#c8ccd4 bg=#1f232b} progress {/}{fg=#7fb3a8 bg=#1f232b}+work{/}{fg=#c8ccd4 bg=#1f232b} {/}{fg=#c89a6e bg=#1f232b}@laptop{/}{fg=#c8ccd4 bg=#1f232b}           {/}
{fg=#c8ccd4 bg=#1f232b}                          {/}{fg=#c8ccd4 bg=#1a1d23}                                        {/}{fg=#c8ccd4 bg=#1f232b} {/}{fg=#6b7280 bg=#1f232b}due:2026-05-20{/}{fg=#c8ccd4 bg=#1f232b}                   {/}
{fg=#c8ccd4 bg=#1f232b}                          {/}{fg=#c8ccd4 bg=#1a1d23}                                        {/}{fg=#c8ccd4 bg=#1f232b}                                  {/}
{fg=#c8ccd4 bg=#1f232b}                          {/}{fg=#c8ccd4 bg=#1a1d23}                                        {/}{fg=#c8ccd4 bg=#1f232b}                                  {/}
{fg=#c8ccd4 bg=#1f232b}                          {/}{fg=#c8ccd4 bg=#1a1d23}                                        {/}{fg=#c8ccd4 bg=#1f232b}                                  {/}
{fg=#c8ccd4 bg=#1f232b}                          {/}{fg=#c8ccd4 bg=#1a1d23}                                        {/}{fg=#c8ccd4 bg=#1f232b}                                  {/}
{fg=#c8ccd4 bg=#1f232b}                          {/}{fg=#c8ccd4 bg=#1a1d23}                                        {/}{fg=#c8ccd4 bg=#1f232b}                                  {/}
{fg=#c8ccd4 bg=#1f232b}                          {/}{fg=#c8ccd4 bg=#1a1d23}                                        {/}{fg=#c8ccd4 bg=#1f232b}                                  {/}
{fg=#c8ccd4 bg=#1f232b}                          {/}{fg=#c8ccd4 bg=#1a1d23}                                        {/}{fg=#c8ccd4 bg=#1f232b}                                  {/}
{fg=#c8ccd4 bg=#1f232b}                          {/}{fg=#c8ccd4 bg=#1a1d23}                                        {/}{fg=#c8ccd4 bg=#1f232b}                                  {/}
{fg=#c8ccd4 bg=#1f232b}                          {/}{fg=#c8ccd4 bg=#1a1d23}                                        {/}{fg=#c8ccd4 bg=#1f232b}                                  {/}
{fg=#c8ccd4 bg=#1f232b}                          {/}{fg=#c8ccd4 bg=#1a1d23}                                        {/}{fg=#c8ccd4 bg=#1f232b}                                  {/}
{fg=#c8ccd4 bg=#1f232b}                          {/}{fg=#c8ccd4 bg=#1a1d23}                                        {/}{fg=#c8ccd4 bg=#1f232b}                                  {/}
{fg=#c8ccd4 bg=#1f232b}                          {/}{fg=#c8ccd4 bg=#1a1d23}                                        {/}{fg=#c8ccd4 bg=#1f232b}                                  {/}
{fg=#c8ccd4 bg=#1f232b}                          {/}{fg=#c8ccd4 bg=#1a1d23}                                        {/}{fg=#c8ccd4 bg=#1f232b}                                  {/}
{fg=#c8ccd4 bg=#1f232b}                          {/}{fg=#c8ccd4 bg=#1a1d23}                                        {/}{fg=#c8ccd4 bg=#1f232b}                                  {/}
{fg=#c8ccd4 bg=#1f232b}                          {/}{fg=#c8ccd4 bg=#1a1d23}                                        {/}{fg=#c8ccd4 bg=#1f232b}                                  {/}
{fg=#c8ccd4 bg=#1f232b}                          {/}{fg=#c8ccd4 bg=#1a1d23}                                        {/}{fg=#c8ccd4 bg=#1f232b}                                  {/}
{fg=#1a1d23 bg=#8aa9c9 mod=bold} NORMAL {/}{bg=#252a33}  {/}{fg=#a8b0bc bg=#252a33}j/k · n new · r reschedule · x done · / search · ? h{/}{fg=#6b7280 bg=#252a33}4 open · 2026-05-06 · tuxedo 2026.6.3 {/}
